Profil: gpu · Throttle-Test: 4×
PASS A10  Audio erst nach Geste (vor Tap kein AudioContext)  → none
FAIL A16  Vor-Rendern im Menü blockiert nicht (längster Happen < 16 ms, kein Frame > 50 ms, fertig < 12 s)  → 3401 ms, 67 Sätze, 24.6 MB, max. Happen 12.2 ms, Menü währenddessen 649 fps (längster Frame 363.9 ms; Boot davor 113.1 ms), Aufnahme 252 ms
PASS B1   Versionslabel im Startmenü  → 🍄 Koboldkeller 2 · v12
PASS B2   Charakterwahl ≤ 4 Porträts pro Reihe (412 px)  → Reihen: 4+4
PASS B3   Namensfeld mit Zufallsnamen vorbelegt  → Kekskrümel
PASS A10b AudioContext läuft nach erster Geste  → running
PASS B14a Tap-to-Move bewegt den Kobold  → (16.5,13.5) → (12.31,9.31)
PASS B18  Virtueller Joystick bewegt den Kobold  → (12.28,9.28) → (8.76,3.3)
PASS B12t Tutorial führt durch Laufen/Schlag/Blase/Sprung  → Schritt 4
PASS B5   Brunnen heilt  → 6/6
PASS B6   Portal triggert beim Draufsteigen (Stadt → Ebene 1)  → Tiefe 1
PASS B16  Stadtmelodie bleibt Leitmotiv (Stadt-Aufnahme geladen, Keller spielt Welt-Musik)  → audio/town.m4a @ dungeon
PASS B13  Fledermaus Ebene 1 zahm: ≥ 4 Treffer bis K.O.  → Schaden 1, 6 Treffer nötig
PASS B11  Rundumschlag 360° Radius 3 (trifft hinten, nicht >3)  → {"hinten":true,"vorne":true,"weit":false}
PASS B12  Seifenblasen / Dodge weg (+Unverwundbar) / Trank  → {"shots":1,"invul":true,"dodgeAway":true,"dodgeDir":true,"potion":true}
PASS B12b Rucksack öffnet & schließt
PASS B14  Auto-Befreiung aus Wand + BFS-Weg zur Treppe  → {"freed":true,"wall":"35,2","ok":true,"n":2,"direct":"26.9"}
   FPS normal (hoch): {"fps":353.1,"p5":256.4,"frames":1482,"jsUpdate":0.08,"jsDraw":1.28,"avgAll":333.9,"scale":2,"q":0,"budget":1,"drawMed":1,"drawP95":1.6,"drawN":600}
PASS A2   FPS normal ≥ 55 (Kampf, 12 Gegner)  → 353.1 fps (p5 256.4, Scale 2)
   FPS throttle 4×: {"fps":17.1,"p5":4.3,"frames":76,"jsUpdate":0.61,"jsDraw":9.82,"avgAll":17.1,"scale":2,"q":0,"budget":1,"drawMed":8.4,"drawP95":15.9,"drawN":82}
FAIL A3   FPS mit CPU-Throttle 4× ≥ 45  → 17.1 fps (p5 4.3, Scale 2, q0)
   FPS Audio off @4×: {"fps":9.3,"p5":4.7,"frames":38,"jsUpdate":0.46,"jsDraw":9.96,"avgAll":9.3,"scale":2,"q":0,"budget":1,"drawMed":9.2,"drawP95":14.2,"drawN":38}
   FPS Audio on @4×: {"fps":11.9,"p5":5,"frames":50,"jsUpdate":0.64,"jsDraw":10.72,"avgAll":11.9,"scale":2,"q":0,"budget":1,"drawMed":9.8,"drawP95":21.2,"drawN":50}
   FPS Audio on @4×: {"fps":24.1,"p5":7.5,"frames":97,"jsUpdate":0.62,"jsDraw":9.62,"avgAll":24.1,"scale":2,"q":0,"budget":1,"drawMed":8.8,"drawP95":14.4,"drawN":97}
   FPS Audio off @4×: {"fps":21.9,"p5":7.1,"frames":88,"jsUpdate":0.57,"jsDraw":8.2,"avgAll":21.9,"scale":2,"q":0,"budget":1,"drawMed":8.1,"drawP95":11,"drawN":88}
   FPS Audio off @4×: {"fps":25.8,"p5":10.1,"frames":103,"jsUpdate":0.38,"jsDraw":7.49,"avgAll":25.8,"scale":2,"q":0,"budget":1,"drawMed":7.1,"drawP95":10,"drawN":103}
   FPS Audio on @4×: {"fps":16.8,"p5":5.1,"frames":69,"jsUpdate":0.44,"jsDraw":8.49,"avgAll":16.8,"scale":2,"q":0,"budget":1,"drawMed":8.3,"drawP95":11.7,"drawN":69}
   FPS Audio on @4×: {"fps":5.6,"p5":4,"frames":7,"jsUpdate":0.82,"jsDraw":11.95,"avgAll":5.6,"scale":2,"q":0,"budget":1,"drawMed":11.4,"drawP95":19.6,"drawN":17}
   FPS Audio off @4×: {"fps":8.8,"p5":5.1,"frames":36,"jsUpdate":0.37,"jsDraw":9,"avgAll":8.8,"scale":2,"q":0,"budget":1,"drawMed":8.3,"drawP95":12.7,"drawN":36}
   FPS Audio off @4×: {"fps":15.5,"p5":5.2,"frames":62,"jsUpdate":0.59,"jsDraw":11.3,"avgAll":15.5,"scale":2,"q":0,"budget":1,"drawMed":10,"drawP95":16.9,"drawN":62}
   FPS Audio on @4×: {"fps":8.5,"p5":4.4,"frames":29,"jsUpdate":0.93,"jsDraw":11.4,"avgAll":8.5,"scale":2,"q":0,"budget":1,"drawMed":9.5,"drawP95":20,"drawN":31}
FAIL A15  Effekt-Dauerfeuer (30 Aufrufe/s) vs. aus: Audio-Engine < 3 % Main-Thread, FPS mit Effekten ≥ 45 (Throttle 4×)  → Main-Thread 16.4 ms/s = 1.64 % · FPS-Median aus 15.5 / an 11.9 (23.2 %, Einzelwerte aus 9.3/21.9/25.8/8.8/15.5, an 11.9/24.1/16.8/5.6/8.5 — headless-FPS schwankt ±20 % auch ohne Änderung) · Stimmen jetzt 20, gestartet 2065, gestohlen 116
PASS B7a  Ebene 4: Boss vorhanden & erwacht  → Moosbart
PASS B7b  Bosse auf 8/12/16/20  → true,true,true,true
PASS B7c  Ebene 20: Kellerkönig riesig & knallrot mit Krone  → {"name":"Kellerkönig","hp":2262,"king":true,"scale":2.9,"skin":"#ff2a2a"}
PASS B8a  Sieg per Boss-Kill → Siegesbildschirm + Ehrenhall  → win
PASS B9   Namen in Ehrenhall HTML-escaped  → 🪙 Meiste Münzen🥇<b>Zoe</b>Mo 5.10.2026103 🪙⏱️ Schnellster
PASS B8c  Datum de-AT + Medaillen  → 5.10.2026
PASS B8b  Sieg per 20. Portal  → Einträge: 2
PASS B4   Weiterspielen: Level/Gold/Tiefe zurück, Spawn am Eingang  → Tiefe 7, Gold 1234, Lv 9 (gespeichert: 7/1234/9), Abstand Eingang 0.00 | <b>Zoe</b> · ⭐ 9 · 🪙 1234 · Ebene 7
PASS A9   App-Wechsel pausiert Spiel + Musik  → {"screen":"pause","audio":"suspended"}
PASS B15  ⏸️ im Spiel sichtbar & jedes Menü hat Rückweg  → btnPause @294,8
PASS B15b Umfallen → zurück in die Stadt (volle HP)  → Tiefe 0
PASS A4   Canvas-Backbuffer ≤ 2× CSS  → 2.00
PASS A7   Touch-Härtung (touch-action, Kontextmenü, kein Zoom)  → {"touch":"none","ctx":true}
PASS A6   Cache-Buster ?v=N überall + KK_VER  → v12, 5 Tags, 18 Module
PASS A8   100dvh + safe-area-insets im CSS
PASS A11  PWA-Manifest + Icons, Vollbild-Button, Wake-Lock abgesichert  → {"manifest":true,"i192":true,"i512":true}
PASS B10  MEGASCHWER: 2× Tempo, 10× Schaden, 🔥-Badge  → {"speed":2,"dmg":10,"badge":true}
PASS A12  v20-Save migriert (Name/Look/Level/Gold + Ehrenmütze), Ehrenhall übernommen  → Oldie · ⭐ 7 · 🪙 321 · in der Stadt · aus v20 umgezogen 🎖️ | Hut veteran
PASS A13  Kaputte Saves → kein Absturz, Menü erscheint  → Menü sichtbar: true
PASS A14  Querformat: Buttons sichtbar (≥56 px), kein Überlappen  → {"skillsIn":true,"hudIn":true,"overlap":false,"btns":[86,64,62,64,58]}
   FPS normal (quer): {"fps":108.5,"p5":30.4,"frames":1269,"jsUpdate":0.09,"jsDraw":1.45,"avgAll":254.7,"scale":2,"q":0,"budget":1,"drawMed":1.1,"drawP95":3.3,"drawN":600}
PASS A2q  FPS normal Querformat ≥ 55  → 108.5 fps (p5 30.4)
PASS C7   Skill-Buttons ≥ 56 px im Daumenbereich rechts unten  → bAtk:86 bBub:64 bSpec:62 bDash:64 bPot:58
PASS V1   Munition: 1 Schuss = 1 🫧 (egal wie viele Blasen), Kill/Elite/Boss geben 🫧, Cap → Gold + „VOLL“, leer = grau + 1 Hinweis, Schwert unbegrenzt  → {"afterShot":4,"bubbles":3,"killGain":2,"eliteGain":4,"capAmmo":true,"capGold":1,"hudFull":"20 · VOLL","emptyNoShot":true,"btnEmpty":true,"toast":true,"toasts":1,"swordOk":true,"bossGain":12}
PASS V2   Obergrenzen: 🧪 max 5 (Extra → +10 🪙), ❤️ bei voll → +2 🪙, Max-❤️ max 60, Leben-Talent sperrt bei voll  → {"potCap":5,"potGold":10,"heartGold":2,"heartHeal":true,"hpAfter1":60,"hpAfter2":60,"maxHp":60,"lebenBlocked":true}
PASS V3   Magnet: Münzen 3,5 / Sachen 2,5 Kacheln (Münze bei 3,3 kommt, bei 4,3 nicht; Stein bei 2,3 kommt, bei 3,1 nicht), 🧲-Talent vergrößert  → {"rCoin":3.5,"rItem":2.5,"coin33":true,"coin43":true,"item23":true,"item31":true,"withSkill":5.25}
PASS V5   Talente: Punkte verteilen wirken (💪 +0,5 ⚔️, ❤️ +2, 🫧 +4 Platz, 👟 +5 %), Rucksack zeigt „+“, Umverteilen nur in der Stadt (kostenlos)  → {"k":true,"l":true,"b":true,"t":true,"atk":0.5,"hp":2,"ammo":4,"spd":0.05,"left":0,"noMore":true,"bagPlus":5,"bagPts":true,"respecDungeon":0,"respecTown":4,"after":{"pts":4,"atk":0,"hp":0}}
PASS V6   Spezial: 3 Glitzerpilze füllen die Leiste (❤️ bleibt gleich), ✨-Knopf leuchtet, Flächenangriff trifft rundum (nicht in 11 Kacheln Ferne), danach leer  → {"spec":1,"hpUnchanged":true,"btnFull":true,"fired":true,"hitNear":[22,22,22],"farUntouched":true,"specAfter":0,"again":false}
PASS V7   20 Ebenen: 20 eindeutige Namen (Titelkarte + unter der Karte), 20 verschiedene Farbnuancen  → 20 Namen, 20 Paletten, Titelkarte ok true, HUD ok true · z. B. „Die Flüsternden Moosgärten“, „Der Bonbonbach“, „Der Thronsaal des Kellerkönigs“
PASS V8   Bosse: 3 Phasen (66 % / 33 %), je Welt eigene Signatur-Angriffe mit Warnkreisen/-linien, deutlich mehr ❤️  → Moosbart ❤️447 1→2→3 [spores:4C vines:3L spores:6C] · Glitzerzahn ❤️770 1→2→3 [crystals:7C prism:4L crystals:7C] · Zuckerschnute ❤️1092 1→2→3 [candy:3C rush:1L candy:4C] · Frostnase ❤️1453 1→2→3 [icicles:3L snowball:2L icicles:4L] · Kellerkönig ❤️2223 1→2→3 [meteors:5C flameCross:4L meteors:5C]
PASS D5   Musik: Stadt = Leitmotiv-Aufnahme, jede Welt eigene Tonart + Tempo + Abschnitte (A/B/Pause, Leitmotiv kehrt wieder)  → rec 3 90bpm | intro 5 84bpm | intro 9m 96bpm | intro 0 108bpm | intro 2 76bpm | intro 7m 92bpm
PASS V10  Heim-Portal: nach Betreten 20 s weg (nicht gezeichnet, nicht auslösbar, Pause zählt nicht), dann sichtbar; erst nach Weggehen/Zurückkommen → Stadt  → {"hidden0":true,"depthOnPortal":2,"stillHidden":true,"minimap":true,"inPortals":false,"pausedFrozen":true,"visibleAfter":true,"stillHere":true,"stillHere2":true,"armed":true,"town":true}
PASS V4   Charakter-Editor: 10 Frisuren je Tierart (alle 8), Frisurwechsel sichtbar, Spiegel in der Stadt, Aussehen im Spiel + gespeichert  → {"frisuren":"10,10,10,10,10,10,10,10","vorschauUnterschied":true,"start":{"style":"irokese","sp":"baer"},"spiegel":"edit","danach":{"screen":"play","style":"zoepfe","acc":"brille","rig":"zoepfe"},"gespeichert":"zoepfe+brille"}
PASS V9   Save-Migration v3 → v4 (→ v5): nichts verloren (Level, Gold, Tiefe, Hut), Überzähliges → Gold + Hinweis, Pilze → Spezial, Talentpunkte geschenkt, Datei v3 gespeichert  → Mia3 · ⭐ 12 · 🪙 310 · Ebene 6 → Gold 310 (+210), 🧪 5, Max-❤️ 60, Spezial 1, Punkte 11, Frisur wuschel, Datei v3
PASS A14b Querformat: Munition + Spezial-Leiste sichtbar, ✨-Knopf im Bild, kein Überlappen  → {"hudBottom":124,"specIn":true,"ov":false}
FAIL A3b  Größter Boss-Kampf (Kellerkönig, Arena 24, Wut-Phase, alle Effekte, volle Handlanger-Zahl) mit CPU-Throttle 4× ≥ 45 FPS  → 25 fps (p5 8, Scale 2, q0) · Handlanger max 9/9 · Zoom 0.8 · sichtbare Boden-Chunks max 22 (< 28)
PASS V11  Bug-Regression: Boss lebt → Treppe/20. Portal versiegelt (Draufstellen, Dodge drauf/drüber, Rückstoß: kein Wechsel/Sieg); Sieg → öffnet sichtbar → Betreten = Ebene +1 (E20: Sieg); Heimportal ≥ 4 Kacheln von der Arena  → E4: versiegelt true, stehen/dodge/dodge-drüber/rückstoß ✓✓✓✓, offen nach 1.33 s, danach ✓, Heimportal 26.5 Kacheln weg · E2: versiegelt true, stehen/dodge/dodge-drüber/rückstoß ✓✓✓✓, offen nach 1.32 s, danach ✓, Heimportal 32.6 Kacheln weg · E8: versiegelt true, stehen/dodge/dodge-drüber/rückstoß ✓✓✓✓, offen nach 1.35 s, danach ✓, Heimportal 33.3 Kacheln weg · E20: versiegelt true, stehen/dodge/dodge-drüber/rückstoß ✓✓✓✓, offen nach 1.33 s, danach ✓, Heimportal 13.5 Kacheln weg
PASS V12  Wiedereinstieg: besiegter Boss → Treppe offen + Tore bleiben offen (Kampf freiwillig), unbesiegter → versiegelt; Zustand im Spielstand (bossDone)  → {"e4Open":true,"e4Optional":true,"e4BossBack":true,"e8Sealed":true,"saved":[4]}
PASS V13  Mini-Bosse auf Ebene 2/6/10/14/18 (5 verschiedene Namen/Wesen/Angriffe), Hauptbosse auf 4/8/12/16/20, keiner auf ungeraden Ebenen, jeder Signatur-Angriff zeigt Warnungen, Mini klar kleiner + schwächer als Hauptboss, eigene Mini-Boss-Musik  → E2 Schlabbo „der Riesen-Moosschleim“ [glibber+platsch] ❤️127 ⚔️1 Höhe 165 ♪boss/3@92 · E6 Funkelflatter „die Kristall-Fledermaus“ [echo+schall] ❤️274 ⚔️2 Höhe 125 ♪boss/3@100 · E10 Lolli-Lutz „der Zuckerpilz-Riese“ [streusel+brause] ❤️447 ⚔️3 Höhe 201 ♪boss/3@106 · E14 Bibber „das Schneegespenst“ [frostatem+blinzel] ❤️633 ⚔️4 Höhe 180 ♪boss/3@88 · E18 Glutpanzer Gustav „der Lava-Käfer“ [lava+horn] ❤️859 ⚔️5 Höhe 155 ♪boss/3@96 | Hauptboss-Höhe ≥ 307 | Angriffe: 2:glibber=6 2:platsch=1 6:echo=5 6:schall=3 10:streusel=6 10:brause=1 14:frostatem=3 14:blinzel=1 18:lava=4 18:horn=1
PASS V14  Große Arena je Boss-Ebene: Größe ≥ Tabelle (config.ARENA) und mit der Tiefe steigend (v4: 12), Säulen + Tore + Spawn-Punkte, Tore zu sobald man drin ist, Kamera zoomt heraus (sichtbare Chunks < 28)  → E2 14×14 (3 Säulen, 4 Tor-Kacheln, 5 Spawn-Punkte, Zoom 0.8, Chunks 18) · E4 16×16 (4 Säulen, 2 Tor-Kacheln, 6 Spawn-Punkte, Zoom 0.8, Chunks 18) · E6 17×17 (4 Säulen, 2 Tor-Kacheln, 6 Spawn-Punkte, Zoom 0.8, Chunks 23) · E8 18×18 (8 Säulen, 6 Tor-Kacheln, 6 Spawn-Punkte, Zoom 0.8, Chunks 23) · E10 19×19 (8 Säulen, 2 Tor-Kacheln, 6 Spawn-Punkte, Zoom 0.8, Chunks 21) · E12 20×20 (8 Säulen, 2 Tor-Kacheln, 6 Spawn-Punkte, Zoom 0.8, Chunks 20) · E14 21×21 (8 Säulen, 2 Tor-Kacheln, 7 Spawn-Punkte, Zoom 0.8, Chunks 21) · E16 22×22 (8 Säulen, 8 Tor-Kacheln, 6 Spawn-Punkte, Zoom 0.8, Chunks 26) · E18 23×23 (8 Säulen, 2 Tor-Kacheln, 7 Spawn-Punkte, Zoom 0.8, Chunks 23) · E20 24×24 (8 Säulen, 16 Tor-Kacheln, 5 Spawn-Punkte, Zoom 0.8, Chunks 22)
PASS V15  Handlanger: spawnen laufend im Kampf (mit 0,8-s-Spawn-Kreis), Deckel nie überschritten (auch bei erzwungenen Wellen), wenig Beute (🫧 +1, ≤ ⅓ XP); Sieg → sofort 0 Handlanger/Spawn-Kreise/Timer, 10 s später immer noch 0, Tore offen  → E12: in 10.6 s max 2/7 (erzwungen 7), Spawn-Kreis ✓, Handlanger-Beute 🫧+1 XP×0.35 · vor Sieg 7 → nach Sieg 0+0 (Timer 0), 10 s später max 0, Tore offen true · E2: in 10.5 s max 1/3 (erzwungen 3), Spawn-Kreis ✓, Handlanger-Beute 🫧+1 XP×0.29 · vor Sieg 3 → nach Sieg 0+0 (Timer 0), 10 s später max 0, Tore offen true
PASS V16  Querformat: jede Arena mit herausgezoomter Kamera (Boss + Warnungen im Bild), sichtbare Chunks < 28  → E2 Zoom 0.84 Chunks 17 · E4 Zoom 0.84 Chunks 16 · E6 Zoom 0.84 Chunks 23 · E8 Zoom 0.84 Chunks 23 · E10 Zoom 0.84 Chunks 19 · E12 Zoom 0.84 Chunks 18 · E14 Zoom 0.84 Chunks 20 · E16 Zoom 0.84 Chunks 24 · E18 Zoom 0.84 Chunks 21 · E20 Zoom 0.84 Chunks 23
PASS V17  Save-Migration v4 → v5: nichts verloren (Level, Gold, Talente, Punkte, Spezial, Munition, Hüte, Aussehen, Tiefe), keine doppelten Geschenke, schon passierte Boss-Ebenen offen (bossDone), tiefere versiegelt, Datei v3  → Vier4 · ⭐ 9 · 🪙 777 · Ebene 6 → Lv 9, 🪙 777, Punkte 3, Talente {"kraft":2,"leben":3,"tempo":1,"blasen":1,"magnet":1}, Spezial 0.67, 🫧 18, Hut diadem, Frisur zoepfe, Ebene 6 (Treppe offen), bossDone 2,4,6,8, E8 offen, E10 zu, Datei v3
   FPS software normal: {"fps":278.1,"p5":74.1,"frames":1937,"jsUpdate":0.09,"jsDraw":1.06,"avgAll":384.9,"scale":2,"q":0,"budget":1,"drawMed":1,"drawP95":1.7,"drawN":600}
   FPS software throttle 4× (adaptiv): {"fps":73,"p5":25.1,"frames":366,"jsUpdate":0.53,"jsDraw":6.26,"avgAll":73,"scale":1.6,"q":1,"budget":1,"drawMed":5.7,"drawP95":9.5,"drawN":366}
INFO Software-Raster: normal 278.1 fps (Scale 2), 4× 73 fps (Scale 1.6)
PASS A1   Keine pageerrors/console.errors (hoch + quer)  → 0
PASS A5   Keine externen Requests  → 0

60/64 PASS
